Archive member included to satisfy reference by file (symbol)

/opt/microchip/xc8/v3.00/avr/bin/../lib/gcc/avr/5.4.0/avrxmega4/libgcc.a(_tablejump2.o)
                              CMakeFiles/labpractice4_default_default_XC8_compile.dir/home/artj/MPLABProjects/labpractice4/main.c.o (__tablejump2__)
/opt/microchip/xc8/v3.00/avr/bin/../lib/gcc/avr/5.4.0/avrxmega4/libgcc.a(_copy_data.o)
                              CMakeFiles/labpractice4_default_default_XC8_compile.dir/home/artj/MPLABProjects/labpractice4/main.c.o (__do_copy_data)
/opt/microchip/xc8/v3.00/avr/bin/../lib/gcc/avr/5.4.0/../../../../avr/lib/avrxmega4/libc.a(exit.o)
                              /home/artj/.mchp_packs/Microchip/AVR-Dx_DFP/2.7.321/xc8/avr/lib/avrxmega4/crtavr128db48.o (exit)
/opt/microchip/xc8/v3.00/avr/bin/../lib/gcc/avr/5.4.0/../../../../avr/lib/avrxmega4/libc.a(_Exit.o)
                              /opt/microchip/xc8/v3.00/avr/bin/../lib/gcc/avr/5.4.0/../../../../avr/lib/avrxmega4/libc.a(exit.o) (_Exit)
/home/artj/.mchp_packs/Microchip/AVR-Dx_DFP/2.7.321/xc8/avr/lib/avrxmega4/libavr128db48.a(ccp_write.o)
                              CMakeFiles/labpractice4_default_default_XC8_compile.dir/home/artj/MPLABProjects/labpractice4/main.c.o (ccp_write_io)
/opt/microchip/xc8/v3.00/avr/bin/../lib/gcc/avr/5.4.0/avrxmega4/libgcc.a(_exit.o)
                              /opt/microchip/xc8/v3.00/avr/bin/../lib/gcc/avr/5.4.0/../../../../avr/lib/avrxmega4/libc.a(_Exit.o) (_exit)

Discarded input sections

 .data          0x0000000000000000        0x0 /home/artj/.mchp_packs/Microchip/AVR-Dx_DFP/2.7.321/xc8/avr/lib/avrxmega4/crtavr128db48.o
 .bss           0x0000000000000000        0x0 /home/artj/.mchp_packs/Microchip/AVR-Dx_DFP/2.7.321/xc8/avr/lib/avrxmega4/crtavr128db48.o
 .text          0x0000000000000000        0x0 CMakeFiles/labpractice4_default_default_XC8_compile.dir/home/artj/MPLABProjects/labpractice4/main.c.o
 .data          0x0000000000000000        0x0 CMakeFiles/labpractice4_default_default_XC8_compile.dir/home/artj/MPLABProjects/labpractice4/main.c.o
 .bss           0x0000000000000000        0x0 CMakeFiles/labpractice4_default_default_XC8_compile.dir/home/artj/MPLABProjects/labpractice4/main.c.o
 .text.debounceInput
                0x0000000000000000       0x24 CMakeFiles/labpractice4_default_default_XC8_compile.dir/home/artj/MPLABProjects/labpractice4/main.c.o
 .text          0x0000000000000000        0x0 /opt/microchip/xc8/v3.00/avr/bin/../lib/gcc/avr/5.4.0/avrxmega4/libgcc.a(_tablejump2.o)
 .data          0x0000000000000000        0x0 /opt/microchip/xc8/v3.00/avr/bin/../lib/gcc/avr/5.4.0/avrxmega4/libgcc.a(_tablejump2.o)
 .bss           0x0000000000000000        0x0 /opt/microchip/xc8/v3.00/avr/bin/../lib/gcc/avr/5.4.0/avrxmega4/libgcc.a(_tablejump2.o)
 .text.libgcc.mul
                0x0000000000000000        0x0 /opt/microchip/xc8/v3.00/avr/bin/../lib/gcc/avr/5.4.0/avrxmega4/libgcc.a(_tablejump2.o)
 .text.libgcc.div
                0x0000000000000000        0x0 /opt/microchip/xc8/v3.00/avr/bin/../lib/gcc/avr/5.4.0/avrxmega4/libgcc.a(_tablejump2.o)
 .text.libgcc.prologue
                0x0000000000000000        0x0 /opt/microchip/xc8/v3.00/avr/bin/../lib/gcc/avr/5.4.0/avrxmega4/libgcc.a(_tablejump2.o)
 .stack.descriptors
                0x0000000000000000       0x1c /opt/microchip/xc8/v3.00/avr/bin/../lib/gcc/avr/5.4.0/avrxmega4/libgcc.a(_tablejump2.o)
 .text.libgcc.builtins
                0x0000000000000000        0x0 /opt/microchip/xc8/v3.00/avr/bin/../lib/gcc/avr/5.4.0/avrxmega4/libgcc.a(_tablejump2.o)
 .text.libgcc.fmul
                0x0000000000000000        0x0 /opt/microchip/xc8/v3.00/avr/bin/../lib/gcc/avr/5.4.0/avrxmega4/libgcc.a(_tablejump2.o)
 .text.libgcc.fixed
                0x0000000000000000        0x0 /opt/microchip/xc8/v3.00/avr/bin/../lib/gcc/avr/5.4.0/avrxmega4/libgcc.a(_tablejump2.o)
 .text          0x0000000000000000        0x0 /opt/microchip/xc8/v3.00/avr/bin/../lib/gcc/avr/5.4.0/avrxmega4/libgcc.a(_copy_data.o)
 .data          0x0000000000000000        0x0 /opt/microchip/xc8/v3.00/avr/bin/../lib/gcc/avr/5.4.0/avrxmega4/libgcc.a(_copy_data.o)
 .bss           0x0000000000000000        0x0 /opt/microchip/xc8/v3.00/avr/bin/../lib/gcc/avr/5.4.0/avrxmega4/libgcc.a(_copy_data.o)
 .text.libgcc.mul
                0x0000000000000000        0x0 /opt/microchip/xc8/v3.00/avr/bin/../lib/gcc/avr/5.4.0/avrxmega4/libgcc.a(_copy_data.o)
 .text.libgcc.div
                0x0000000000000000        0x0 /opt/microchip/xc8/v3.00/avr/bin/../lib/gcc/avr/5.4.0/avrxmega4/libgcc.a(_copy_data.o)
 .text.libgcc   0x0000000000000000        0x0 /opt/microchip/xc8/v3.00/avr/bin/../lib/gcc/avr/5.4.0/avrxmega4/libgcc.a(_copy_data.o)
 .text.libgcc.prologue
                0x0000000000000000        0x0 /opt/microchip/xc8/v3.00/avr/bin/../lib/gcc/avr/5.4.0/avrxmega4/libgcc.a(_copy_data.o)
 .text.libgcc.builtins
                0x0000000000000000        0x0 /opt/microchip/xc8/v3.00/avr/bin/../lib/gcc/avr/5.4.0/avrxmega4/libgcc.a(_copy_data.o)
 .text.libgcc.fmul
                0x0000000000000000        0x0 /opt/microchip/xc8/v3.00/avr/bin/../lib/gcc/avr/5.4.0/avrxmega4/libgcc.a(_copy_data.o)
 .text.libgcc.fixed
                0x0000000000000000        0x0 /opt/microchip/xc8/v3.00/avr/bin/../lib/gcc/avr/5.4.0/avrxmega4/libgcc.a(_copy_data.o)
 .text          0x0000000000000000        0x0 /opt/microchip/xc8/v3.00/avr/bin/../lib/gcc/avr/5.4.0/../../../../avr/lib/avrxmega4/libc.a(exit.o)
 .data          0x0000000000000000        0x0 /opt/microchip/xc8/v3.00/avr/bin/../lib/gcc/avr/5.4.0/../../../../avr/lib/avrxmega4/libc.a(exit.o)
 .bss           0x0000000000000000        0x0 /opt/microchip/xc8/v3.00/avr/bin/../lib/gcc/avr/5.4.0/../../../../avr/lib/avrxmega4/libc.a(exit.o)
 .stack.descriptors
                0x0000000000000000       0x73 /opt/microchip/xc8/v3.00/avr/bin/../lib/gcc/avr/5.4.0/../../../../avr/lib/avrxmega4/libc.a(exit.o)
 .text          0x0000000000000000        0x0 /opt/microchip/xc8/v3.00/avr/bin/../lib/gcc/avr/5.4.0/../../../../avr/lib/avrxmega4/libc.a(_Exit.o)
 .data          0x0000000000000000        0x0 /opt/microchip/xc8/v3.00/avr/bin/../lib/gcc/avr/5.4.0/../../../../avr/lib/avrxmega4/libc.a(_Exit.o)
 .bss           0x0000000000000000        0x0 /opt/microchip/xc8/v3.00/avr/bin/../lib/gcc/avr/5.4.0/../../../../avr/lib/avrxmega4/libc.a(_Exit.o)
 .stack.descriptors
                0x0000000000000000       0x13 /opt/microchip/xc8/v3.00/avr/bin/../lib/gcc/avr/5.4.0/../../../../avr/lib/avrxmega4/libc.a(_Exit.o)
 .text          0x0000000000000000        0x0 /home/artj/.mchp_packs/Microchip/AVR-Dx_DFP/2.7.321/xc8/avr/lib/avrxmega4/libavr128db48.a(ccp_write.o)
 .data          0x0000000000000000        0x0 /home/artj/.mchp_packs/Microchip/AVR-Dx_DFP/2.7.321/xc8/avr/lib/avrxmega4/libavr128db48.a(ccp_write.o)
 .bss           0x0000000000000000        0x0 /home/artj/.mchp_packs/Microchip/AVR-Dx_DFP/2.7.321/xc8/avr/lib/avrxmega4/libavr128db48.a(ccp_write.o)
 .stack.descriptors
                0x0000000000000000       0x1a /home/artj/.mchp_packs/Microchip/AVR-Dx_DFP/2.7.321/xc8/avr/lib/avrxmega4/libavr128db48.a(ccp_write.o)
 .text          0x0000000000000000        0x0 /opt/microchip/xc8/v3.00/avr/bin/../lib/gcc/avr/5.4.0/avrxmega4/libgcc.a(_exit.o)
 .data          0x0000000000000000        0x0 /opt/microchip/xc8/v3.00/avr/bin/../lib/gcc/avr/5.4.0/avrxmega4/libgcc.a(_exit.o)
 .bss           0x0000000000000000        0x0 /opt/microchip/xc8/v3.00/avr/bin/../lib/gcc/avr/5.4.0/avrxmega4/libgcc.a(_exit.o)
 .text.libgcc.mul
                0x0000000000000000        0x0 /opt/microchip/xc8/v3.00/avr/bin/../lib/gcc/avr/5.4.0/avrxmega4/libgcc.a(_exit.o)
 .text.libgcc.div
                0x0000000000000000        0x0 /opt/microchip/xc8/v3.00/avr/bin/../lib/gcc/avr/5.4.0/avrxmega4/libgcc.a(_exit.o)
 .text.libgcc   0x0000000000000000        0x0 /opt/microchip/xc8/v3.00/avr/bin/../lib/gcc/avr/5.4.0/avrxmega4/libgcc.a(_exit.o)
 .text.libgcc.prologue
                0x0000000000000000        0x0 /opt/microchip/xc8/v3.00/avr/bin/../lib/gcc/avr/5.4.0/avrxmega4/libgcc.a(_exit.o)
 .stack.descriptors
                0x0000000000000000       0x13 /opt/microchip/xc8/v3.00/avr/bin/../lib/gcc/avr/5.4.0/avrxmega4/libgcc.a(_exit.o)
 .text.libgcc.builtins
                0x0000000000000000        0x0 /opt/microchip/xc8/v3.00/avr/bin/../lib/gcc/avr/5.4.0/avrxmega4/libgcc.a(_exit.o)
 .text.libgcc.fmul
                0x0000000000000000        0x0 /opt/microchip/xc8/v3.00/avr/bin/../lib/gcc/avr/5.4.0/avrxmega4/libgcc.a(_exit.o)
 .text.libgcc.fixed
                0x0000000000000000        0x0 /opt/microchip/xc8/v3.00/avr/bin/../lib/gcc/avr/5.4.0/avrxmega4/libgcc.a(_exit.o)

Memory Configuration

Name             Origin             Length             Attributes
text             0x0000000000000000 0x0000000000020000 xr
data             0x0000000000804000 0x0000000000004000 rw !x
eeprom           0x0000000000810000 0x0000000000000200 rw !x
fuse             0x0000000000820000 0x0000000000000010 rw !x
lock             0x0000000000830000 0x0000000000000400 rw !x
signature        0x0000000000840000 0x0000000000000400 rw !x
user_signatures  0x0000000000850000 0x0000000000000400 rw !x
bootrow          0x0000000000860000 0x0000000000000400 rw !x
*default*        0x0000000000000000 0xffffffffffffffff

Linker script and memory map

Address of section .data set to 0x804000
                0x0000000000008000                __RODATA_PM_OFFSET__ = 0x8000
LOAD /home/artj/.mchp_packs/Microchip/AVR-Dx_DFP/2.7.321/xc8/avr/lib/avrxmega4/crtavr128db48.o
                0x0000000000000001                __MPLAB_BUILD = 0x1
                0x0000000000000001                __MPLAB_DEBUG = 0x1
                0x0000000000000001                __DEBUG = 0x1
LOAD CMakeFiles/labpractice4_default_default_XC8_compile.dir/home/artj/MPLABProjects/labpractice4/main.c.o
START GROUP
LOAD /opt/microchip/xc8/v3.00/avr/bin/../lib/gcc/avr/5.4.0/avrxmega4/libgcc.a
LOAD /opt/microchip/xc8/v3.00/avr/bin/../lib/gcc/avr/5.4.0/../../../../avr/lib/avrxmega4/libm.a
LOAD /opt/microchip/xc8/v3.00/avr/bin/../lib/gcc/avr/5.4.0/../../../../avr/lib/avrxmega4/libc.a
LOAD /home/artj/.mchp_packs/Microchip/AVR-Dx_DFP/2.7.321/xc8/avr/lib/avrxmega4/libavr128db48.a
END GROUP
                [0x0000000000000000]                __TEXT_REGION_ORIGIN__ = DEFINED (__TEXT_REGION_ORIGIN__)?__TEXT_REGION_ORIGIN__:0x0
                [0x0000000000804000]                __DATA_REGION_ORIGIN__ = DEFINED (__DATA_REGION_ORIGIN__)?__DATA_REGION_ORIGIN__:0x802000
                [0x0000000000020000]                __TEXT_REGION_LENGTH__ = DEFINED (__TEXT_REGION_LENGTH__)?__TEXT_REGION_LENGTH__:0x100000
                [0x0000000000004000]                __DATA_REGION_LENGTH__ = DEFINED (__DATA_REGION_LENGTH__)?__DATA_REGION_LENGTH__:0xffa0
                [0x0000000000000200]                __EEPROM_REGION_LENGTH__ = DEFINED (__EEPROM_REGION_LENGTH__)?__EEPROM_REGION_LENGTH__:0x10000
                [0x0000000000000010]                __FUSE_REGION_LENGTH__ = DEFINED (__FUSE_REGION_LENGTH__)?__FUSE_REGION_LENGTH__:0x400
                0x0000000000000400                __LOCK_REGION_LENGTH__ = DEFINED (__LOCK_REGION_LENGTH__)?__LOCK_REGION_LENGTH__:0x400
                0x0000000000000400                __SIGNATURE_REGION_LENGTH__ = DEFINED (__SIGNATURE_REGION_LENGTH__)?__SIGNATURE_REGION_LENGTH__:0x400
                0x0000000000000400                __USER_SIGNATURE_REGION_LENGTH__ = DEFINED (__USER_SIGNATURE_REGION_LENGTH__)?__USER_SIGNATURE_REGION_LENGTH__:0x400
                0x0000000000000400                __BOOTROW_REGION_LENGTH__ = DEFINED (__BOOTROW_REGION_LENGTH__)?__BOOTROW_REGION_LENGTH__:0x400

.hash
 *(.hash)

.dynsym
 *(.dynsym)

.dynstr
 *(.dynstr)

.gnu.version
 *(.gnu.version)

.gnu.version_d
 *(.gnu.version_d)

.gnu.version_r
 *(.gnu.version_r)

.rel.init
 *(.rel.init)

.rela.init
 *(.rela.init)

.rel.text
 *(.rel.text)
 *(.rel.text.*)
 *(.rel.gnu.linkonce.t*)

.rela.text
 *(.rela.text)
 *(.rela.text.*)
 *(.rela.gnu.linkonce.t*)

.rel.fini
 *(.rel.fini)

.rela.fini
 *(.rela.fini)

.rel.rodata
 *(.rel.rodata)
 *(.rel.rodata.*)
 *(.rel.gnu.linkonce.r*)

.rela.rodata
 *(.rela.rodata)
 *(.rela.rodata.*)
 *(.rela.gnu.linkonce.r*)

.rel.data
 *(.rel.data)
 *(.rel.data.*)
 *(.rel.gnu.linkonce.d*)

.rela.data
 *(.rela.data)
 *(.rela.data.*)
 *(.rela.gnu.linkonce.d*)

.rel.ctors
 *(.rel.ctors)

.rela.ctors
 *(.rela.ctors)

.rel.dtors
 *(.rel.dtors)

.rela.dtors
 *(.rela.dtors)

.rel.got
 *(.rel.got)

.rela.got
 *(.rela.got)

.rel.bss
 *(.rel.bss)

.rela.bss
 *(.rela.bss)

.rel.plt
 *(.rel.plt)

.rela.plt
 *(.rela.plt)

.text           0x0000000000000000      0x17c
 *(.vectors)
 .vectors       0x0000000000000000       0xf4 /home/artj/.mchp_packs/Microchip/AVR-Dx_DFP/2.7.321/xc8/avr/lib/avrxmega4/crtavr128db48.o
                0x0000000000000000                __vectors
                0x0000000000000000                __vector_default
 *(.vectors)
 *(.progmem.gcc*)
 .progmem.gcc_sw_table.main
                0x00000000000000f4       0x28 CMakeFiles/labpractice4_default_default_XC8_compile.dir/home/artj/MPLABProjects/labpractice4/main.c.o
 *(.dinit)
 .dinit         0x000000000000011c        0x7 data_init
                0x0000000000000124                . = ALIGN (0x2)
 *fill*         0x0000000000000123        0x1 
                0x0000000000000124                __trampolines_start = .
 *(.trampolines)
 .trampolines   0x0000000000000124        0x0 linker stubs
 *(.trampolines*)
                0x0000000000000124                __trampolines_end = .
 *libprintf_flt.a:*(.progmem.data)
 *libc.a:*(.progmem.data)
                0x0000000000000124                . = ALIGN (0x2)
 *(.jumptables)
 *(.jumptables*)
 *(.lowtext)
 *(.lowtext*)
                0x0000000000000124                __ctors_start = .
 *(.ctors)
                0x0000000000000124                __ctors_end = .
                0x0000000000000124                __dtors_start = .
 *(.dtors)
                0x0000000000000124                __dtors_end = .
 SORT(*)(.ctors)
 SORT(*)(.dtors)
 *(.init0)
 .init0         0x0000000000000124        0x0 /home/artj/.mchp_packs/Microchip/AVR-Dx_DFP/2.7.321/xc8/avr/lib/avrxmega4/crtavr128db48.o
                0x0000000000000124                __init
 *(.init0)
 *(.init1)
 *(.init1)
 *(.init2)
 .init2         0x0000000000000124        0xc /home/artj/.mchp_packs/Microchip/AVR-Dx_DFP/2.7.321/xc8/avr/lib/avrxmega4/crtavr128db48.o
 *(.init2)
 *(.init3)
 *(.init3)
 *(.init4)
 .init4         0x0000000000000130       0x40 /opt/microchip/xc8/v3.00/avr/bin/../lib/gcc/avr/5.4.0/avrxmega4/libgcc.a(_copy_data.o)
                0x0000000000000130                __do_copy_data
                0x0000000000000162                __do_clear_bss
 *(.init4)
 *(.init5)
 *(.init5)
 *(.init6)
 *(.init6)
 *(.init7)
 *(.init7)
 *(.init8)
 *(.init8)
 *(.init9)
 .init9         0x0000000000000170        0x8 /home/artj/.mchp_packs/Microchip/AVR-Dx_DFP/2.7.321/xc8/avr/lib/avrxmega4/crtavr128db48.o
 *(.init9)
                0x0000000000000178                . = ALIGN (0x2)
 *(.fini9)
 .fini9         0x0000000000000178        0x0 /opt/microchip/xc8/v3.00/avr/bin/../lib/gcc/avr/5.4.0/avrxmega4/libgcc.a(_exit.o)
                0x0000000000000178                _exit
 *(.fini9)
 *(.fini8)
 *(.fini8)
 *(.fini7)
 *(.fini7)
 *(.fini6)
 *(.fini6)
 *(.fini5)
 *(.fini5)
 *(.fini4)
 *(.fini4)
 *(.fini3)
 *(.fini3)
 *(.fini2)
 *(.fini2)
 *(.fini1)
 *(.fini1)
 *(.fini0)
 .fini0         0x0000000000000178        0x4 /opt/microchip/xc8/v3.00/avr/bin/../lib/gcc/avr/5.4.0/avrxmega4/libgcc.a(_exit.o)
 *(.fini0)
                0x000000000000017c                _etext = .

.data           0x0000000000804000        0x0 load address 0x000000000000017c
                [!provide]                        PROVIDE (__data_start, .)
 *(.gnu.linkonce.d*)
 *(.gnu.linkonce.r*)
                0x0000000000804000                . = ALIGN (0x2)
                0x0000000000804000                _edata = .
                [!provide]                        PROVIDE (__data_end, .)

.bss            0x0000000000804000        0x0
                [!provide]                        PROVIDE (__bss_start, .)
 *(COMMON)
                [!provide]                        PROVIDE (__bss_end, .)
                0x000000000000017c                __data_load_start = LOADADDR (.data)
                0x000000000000017c                __data_load_end = (__data_load_start + SIZEOF (.data))

.noinit         0x0000000000804000        0x0
                [!provide]                        PROVIDE (__noinit_start, .)
 *(.noinit*)
                [!provide]                        PROVIDE (__noinit_end, .)
                0x0000000000804000                _end = .

.eeprom         0x0000000000810000        0x0
 *(.eeprom*)
                0x0000000000810000                __eeprom_end = .

.fuse
 *(.fuse)
 *(.lfuse)
 *(.hfuse)
 *(.efuse)

.lock
 *(.lock*)

.signature
 *(.signature*)

.user_signatures
 *(.user_signatures*)

.bootrow
 *(.bootrow*)

.stab
 *(.stab)

.stabstr
 *(.stabstr)

.stab.excl
 *(.stab.excl)

.stab.exclstr
 *(.stab.exclstr)

.stab.index
 *(.stab.index)

.stab.indexstr
 *(.stab.indexstr)

.comment        0x0000000000000000       0x5b
 *(.comment)
 .comment       0x0000000000000000       0x2f CMakeFiles/labpractice4_default_default_XC8_compile.dir/home/artj/MPLABProjects/labpractice4/main.c.o
                                         0x30 (size before relaxing)
 .comment       0x000000000000002f       0x2c /opt/microchip/xc8/v3.00/avr/bin/../lib/gcc/avr/5.4.0/../../../../avr/lib/avrxmega4/libc.a(exit.o)
                                         0x2d (size before relaxing)
 .comment       0x000000000000005b       0x2d /opt/microchip/xc8/v3.00/avr/bin/../lib/gcc/avr/5.4.0/../../../../avr/lib/avrxmega4/libc.a(_Exit.o)

.stack.descriptors.hdr
                0x0000000000000000       0x46
 .stack.descriptors.hdr
                0x0000000000000000        0xe /opt/microchip/xc8/v3.00/avr/bin/../lib/gcc/avr/5.4.0/avrxmega4/libgcc.a(_tablejump2.o)
 .stack.descriptors.hdr
                0x000000000000000e        0xe /opt/microchip/xc8/v3.00/avr/bin/../lib/gcc/avr/5.4.0/../../../../avr/lib/avrxmega4/libc.a(exit.o)
 .stack.descriptors.hdr
                0x000000000000001c        0xe /opt/microchip/xc8/v3.00/avr/bin/../lib/gcc/avr/5.4.0/../../../../avr/lib/avrxmega4/libc.a(_Exit.o)
 .stack.descriptors.hdr
                0x000000000000002a        0xe /home/artj/.mchp_packs/Microchip/AVR-Dx_DFP/2.7.321/xc8/avr/lib/avrxmega4/libavr128db48.a(ccp_write.o)
 .stack.descriptors.hdr
                0x0000000000000038        0xe /opt/microchip/xc8/v3.00/avr/bin/../lib/gcc/avr/5.4.0/avrxmega4/libgcc.a(_exit.o)

.note.GNU-stack
                0x0000000000000000        0x0
 .note.GNU-stack
                0x0000000000000000        0x0 /opt/microchip/xc8/v3.00/avr/bin/../lib/gcc/avr/5.4.0/../../../../avr/lib/avrxmega4/libc.a(exit.o)
 .note.GNU-stack
                0x0000000000000000        0x0 /opt/microchip/xc8/v3.00/avr/bin/../lib/gcc/avr/5.4.0/../../../../avr/lib/avrxmega4/libc.a(_Exit.o)

.note.gnu.build-id
 *(.note.gnu.build-id)

.debug
 *(.debug)

.line
 *(.line)

.debug_srcinfo
 *(.debug_srcinfo)

.debug_sfnames
 *(.debug_sfnames)

.debug_aranges  0x0000000000000000       0x68
 *(.debug_aranges)
 .debug_aranges
                0x0000000000000000       0x48 CMakeFiles/labpractice4_default_default_XC8_compile.dir/home/artj/MPLABProjects/labpractice4/main.c.o
 .debug_aranges
                0x0000000000000048       0x20 /home/artj/.mchp_packs/Microchip/AVR-Dx_DFP/2.7.321/xc8/avr/lib/avrxmega4/libavr128db48.a(ccp_write.o)

.debug_pubnames
 *(.debug_pubnames)

.debug_info     0x0000000000000000     0x4502
 *(.debug_info .gnu.linkonce.wi.*)
 .debug_info    0x0000000000000000     0x3545 /home/artj/.mchp_packs/Microchip/AVR-Dx_DFP/2.7.321/xc8/avr/lib/avrxmega4/crtavr128db48.o
 .debug_info    0x0000000000003545      0xf10 CMakeFiles/labpractice4_default_default_XC8_compile.dir/home/artj/MPLABProjects/labpractice4/main.c.o
 .debug_info    0x0000000000004455       0xad /home/artj/.mchp_packs/Microchip/AVR-Dx_DFP/2.7.321/xc8/avr/lib/avrxmega4/libavr128db48.a(ccp_write.o)

.debug_abbrev   0x0000000000000000     0x348b
 *(.debug_abbrev)
 .debug_abbrev  0x0000000000000000     0x3274 /home/artj/.mchp_packs/Microchip/AVR-Dx_DFP/2.7.321/xc8/avr/lib/avrxmega4/crtavr128db48.o
 .debug_abbrev  0x0000000000003274      0x203 CMakeFiles/labpractice4_default_default_XC8_compile.dir/home/artj/MPLABProjects/labpractice4/main.c.o
 .debug_abbrev  0x0000000000003477       0x14 /home/artj/.mchp_packs/Microchip/AVR-Dx_DFP/2.7.321/xc8/avr/lib/avrxmega4/libavr128db48.a(ccp_write.o)

.debug_line     0x0000000000000000      0x550
 *(.debug_line .debug_line.* .debug_line_end)
 .debug_line    0x0000000000000000      0x205 /home/artj/.mchp_packs/Microchip/AVR-Dx_DFP/2.7.321/xc8/avr/lib/avrxmega4/crtavr128db48.o
 .debug_line    0x0000000000000205      0x2e4 CMakeFiles/labpractice4_default_default_XC8_compile.dir/home/artj/MPLABProjects/labpractice4/main.c.o
 .debug_line    0x00000000000004e9       0x67 /home/artj/.mchp_packs/Microchip/AVR-Dx_DFP/2.7.321/xc8/avr/lib/avrxmega4/libavr128db48.a(ccp_write.o)

.debug_frame    0x0000000000000000       0x74
 *(.debug_frame)
 .debug_frame   0x0000000000000000       0x74 CMakeFiles/labpractice4_default_default_XC8_compile.dir/home/artj/MPLABProjects/labpractice4/main.c.o

.debug_str      0x0000000000000000     0x1732
 *(.debug_str)
 .debug_str     0x0000000000000000     0x170f /home/artj/.mchp_packs/Microchip/AVR-Dx_DFP/2.7.321/xc8/avr/lib/avrxmega4/crtavr128db48.o
 .debug_str     0x000000000000170f       0x23 CMakeFiles/labpractice4_default_default_XC8_compile.dir/home/artj/MPLABProjects/labpractice4/main.c.o

.debug_loc      0x0000000000000000      0x7c3
 *(.debug_loc)
 .debug_loc     0x0000000000000000      0x7c3 CMakeFiles/labpractice4_default_default_XC8_compile.dir/home/artj/MPLABProjects/labpractice4/main.c.o

.debug_macinfo
 *(.debug_macinfo)

.debug_weaknames
 *(.debug_weaknames)

.debug_funcnames
 *(.debug_funcnames)

.debug_typenames
 *(.debug_typenames)

.debug_varnames
 *(.debug_varnames)

.debug_pubtypes
 *(.debug_pubtypes)

.debug_ranges   0x0000000000000000       0x38
 *(.debug_ranges)
 .debug_ranges  0x0000000000000000       0x38 CMakeFiles/labpractice4_default_default_XC8_compile.dir/home/artj/MPLABProjects/labpractice4/main.c.o

.debug_macro
 *(.debug_macro)
OUTPUT(/home/artj/MPLABProjects/labpractice4/out/labpractice4/default.elf elf32-avr)
LOAD linker stubs
LOAD data_init

.note.gnu.avr.deviceinfo
                0x0000000000000000       0x40
 .note.gnu.avr.deviceinfo
                0x0000000000000000       0x40 /home/artj/.mchp_packs/Microchip/AVR-Dx_DFP/2.7.321/xc8/avr/lib/avrxmega4/crtavr128db48.o

.text.main      0x000000000000017c      0x24a
 .text.main     0x000000000000017c      0x24a CMakeFiles/labpractice4_default_default_XC8_compile.dir/home/artj/MPLABProjects/labpractice4/main.c.o
                0x000000000000017c                main

.text.__vector_45
                0x00000000000003c6       0x40
 .text.__vector_45
                0x00000000000003c6       0x40 CMakeFiles/labpractice4_default_default_XC8_compile.dir/home/artj/MPLABProjects/labpractice4/main.c.o
                0x00000000000003c6                __vector_45

.text.Ext_Int_Init
                0x0000000000000406       0x16
 .text.Ext_Int_Init
                0x0000000000000406       0x16 CMakeFiles/labpractice4_default_default_XC8_compile.dir/home/artj/MPLABProjects/labpractice4/main.c.o
                0x0000000000000406                Ext_Int_Init

.text.exit      0x000000000000041c       0x16
 .text.exit     0x000000000000041c       0x16 /opt/microchip/xc8/v3.00/avr/bin/../lib/gcc/avr/5.4.0/../../../../avr/lib/avrxmega4/libc.a(exit.o)
                0x000000000000041c                exit

.text.libgcc    0x0000000000000432       0x12
 .text.libgcc   0x0000000000000432       0x12 /opt/microchip/xc8/v3.00/avr/bin/../lib/gcc/avr/5.4.0/avrxmega4/libgcc.a(_tablejump2.o)
                0x0000000000000432                __tablejump2__

.text.init_cpu  0x0000000000000444        0xc
 .text.init_cpu
                0x0000000000000444        0xc CMakeFiles/labpractice4_default_default_XC8_compile.dir/home/artj/MPLABProjects/labpractice4/main.c.o
                0x0000000000000444                init_cpu

.text.init_led  0x0000000000000450        0xc
 .text.init_led
                0x0000000000000450        0xc CMakeFiles/labpractice4_default_default_XC8_compile.dir/home/artj/MPLABProjects/labpractice4/main.c.o
                0x0000000000000450                init_led

.text.avrlibc   0x000000000000045c        0xc
 .text.avrlibc  0x000000000000045c        0xc /home/artj/.mchp_packs/Microchip/AVR-Dx_DFP/2.7.321/xc8/avr/lib/avrxmega4/libavr128db48.a(ccp_write.o)
                0x000000000000045c                ccp_write_io

.text           0x0000000000000468        0x4
 .text          0x0000000000000468        0x4 /home/artj/.mchp_packs/Microchip/AVR-Dx_DFP/2.7.321/xc8/avr/lib/avrxmega4/crtavr128db48.o
                0x0000000000000468                __vector_38
                0x0000000000000468                __vector_22
                0x0000000000000468                __vector_28
                0x0000000000000468                __vector_1
                0x0000000000000468                __vector_32
                0x0000000000000468                __vector_34
                0x0000000000000468                __vector_24
                0x0000000000000468                __vector_12
                0x0000000000000468                __vector_55
                0x0000000000000468                __vector_46
                0x0000000000000468                __bad_interrupt
                0x0000000000000468                __vector_6
                0x0000000000000468                __vector_31
                0x0000000000000468                __vector_35
                0x0000000000000468                __vector_39
                0x0000000000000468                __vector_3
                0x0000000000000468                __vector_23
                0x0000000000000468                __vector_30
                0x0000000000000468                __vector_25
                0x0000000000000468                __vector_11
                0x0000000000000468                __vector_54
                0x0000000000000468                __vector_13
                0x0000000000000468                __vector_17
                0x0000000000000468                __vector_19
                0x0000000000000468                __vector_56
                0x0000000000000468                __vector_7
                0x0000000000000468                __vector_49
                0x0000000000000468                __vector_41
                0x0000000000000468                __vector_43
                0x0000000000000468                __vector_27
                0x0000000000000468                __vector_5
                0x0000000000000468                __vector_33
                0x0000000000000468                __vector_47
                0x0000000000000468                __vector_52
                0x0000000000000468                __vector_37
                0x0000000000000468                __vector_4
                0x0000000000000468                __vector_44
                0x0000000000000468                __vector_51
                0x0000000000000468                __vector_9
                0x0000000000000468                __vector_2
                0x0000000000000468                __vector_21
                0x0000000000000468                __vector_15
                0x0000000000000468                __vector_36
                0x0000000000000468                __vector_58
                0x0000000000000468                __vector_29
                0x0000000000000468                __vector_60
                0x0000000000000468                __vector_40
                0x0000000000000468                __vector_8
                0x0000000000000468                __vector_26
                0x0000000000000468                __vector_48
                0x0000000000000468                __vector_14
                0x0000000000000468                __vector_57
                0x0000000000000468                __vector_53
                0x0000000000000468                __vector_10
                0x0000000000000468                __vector_50
                0x0000000000000468                __vector_16
                0x0000000000000468                __vector_59
                0x0000000000000468                __vector_18
                0x0000000000000468                __vector_20
                0x0000000000000468                __vector_42

.text._Exit     0x000000000000046c        0x4
 .text._Exit    0x000000000000046c        0x4 /opt/microchip/xc8/v3.00/avr/bin/../lib/gcc/avr/5.4.0/../../../../avr/lib/avrxmega4/libc.a(_Exit.o)
                0x000000000000046c                _Exit

.text.__dummy_fini
                0x0000000000000470        0x2
 .text.__dummy_fini
                0x0000000000000470        0x2 /opt/microchip/xc8/v3.00/avr/bin/../lib/gcc/avr/5.4.0/../../../../avr/lib/avrxmega4/libc.a(exit.o)
                0x0000000000000470                _fini

.text.__dummy_funcs_on_exit
                0x0000000000000472        0x2
 .text.__dummy_funcs_on_exit
                0x0000000000000472        0x2 /opt/microchip/xc8/v3.00/avr/bin/../lib/gcc/avr/5.4.0/../../../../avr/lib/avrxmega4/libc.a(exit.o)
                0x0000000000000472                __funcs_on_exit

.text.__dummy_simulator_exit
                0x0000000000000474        0x2
 .text.__dummy_simulator_exit
                0x0000000000000474        0x2 /opt/microchip/xc8/v3.00/avr/bin/../lib/gcc/avr/5.4.0/../../../../avr/lib/avrxmega4/libc.a(exit.o)
                0x0000000000000474                __simulator_exit

.data.current_freq
                0x0000000000804000        0x1 load address 0x0000000000000476
 .data.current_freq
                0x0000000000804000        0x1 CMakeFiles/labpractice4_default_default_XC8_compile.dir/home/artj/MPLABProjects/labpractice4/main.c.o
                0x0000000000804000                current_freq
